c:\st\stm32cubeide_1.12.0\stm32cubeide\plugins\com.st.stm32cube.ide.mcu.externaltools.gnu-tools-for-stm32.10.3-2021.10.win32_1.0.200.202301161003\tools\bin\../lib/gcc/arm-none-eabi/10.3.1/../../../../arm-none-eabi/include/c++/10.3.1/arm-none-eabi/thumb/v7e-m+fp/hard/bits/gthr-default.h:229:1:int __gthread_key_delete(__gthread_key_t)	16	static
C:/Users/Jan/gitlab/embedded/sd-jan-2/platform/framework/inc/TermColor.h:153:10:void Platform::BSP::TermColor::setCol(Platform::BSP::TermColor::Color) const	16	static
C:/Users/Jan/gitlab/embedded/sd-jan-2/platform/framework/inc/TermColor.h:502:26:void __tcf_0()	8	static
C:/Users/Jan/gitlab/embedded/sd-jan-2/platform/framework/inc/TermColor.h:500:24:static Platform::BSP::TermColor& Platform::BSP::TermColor::getInstance()	8	static
C:/Users/Jan/gitlab/embedded/sd-jan-2/platform/framework/inc/TermColor.h:547:5:Platform::BSP::TermColor::TermColor()	24	static
C:/Users/Jan/gitlab/embedded/sd-jan-2/platform/framework/inc/TermColor.h:549:5:Platform::BSP::TermColor::~TermColor()	16	static
C:/Users/Jan/gitlab/embedded/sd-jan-2/platform/framework/inc/TermColor.h:551:10:void Platform::BSP::TermColor::setFlags() const	24	static
../platform/framework/src/TermColor.cpp:24:18:const Platform::BSP::TermColor& Platform::BSP::TermColor::operator<<(Platform::BSP::Manipulators) const	16	static
../platform/framework/src/TermColor.cpp:62:1:void __static_initialization_and_destruction_0(int, int)	16	static
../platform/framework/src/TermColor.cpp:62:1:cpp)	8	static
