../platform/os/src/timers.c:233:16:xTimerCreateTimerTask	24	static
../platform/os/src/timers.c:288:23:xTimerCreate	40	static
../platform/os/src/timers.c:355:17:prvInitialiseNewTimer	24	static
../platform/os/src/timers.c:386:16:xTimerGenericCommand	40	static
../platform/os/src/timers.c:433:18:xTimerGetTimerDaemonTaskHandle	8	static
../platform/os/src/timers.c:442:16:xTimerGetPeriod	24	static
../platform/os/src/timers.c:451:10:vTimerSetReloadMode	24	static
../platform/os/src/timers.c:472:17:uxTimerGetReloadMode	24	static
../platform/os/src/timers.c:497:16:xTimerGetExpiryTime	24	static
../platform/os/src/timers.c:508:18:pcTimerGetName	24	static
../platform/os/src/timers.c:517:17:prvReloadTimer	24	static
../platform/os/src/timers.c:536:17:prvProcessExpiredTimer	24	static
../platform/os/src/timers.c:562:12:prvTimerTask	24	static
../platform/os/src/timers.c:598:17:prvProcessTimerOrBlockTask	24	static,ignoring_inline_asm
../platform/os/src/timers.c:660:23:prvGetNextExpireTime	24	static
../platform/os/src/timers.c:687:23:prvSampleTimeNow	24	static
../platform/os/src/timers.c:710:23:prvInsertTimerInActiveList	32	static
../platform/os/src/timers.c:754:17:prvProcessReceivedCommands	32	static
../platform/os/src/timers.c:902:17:prvSwitchTimerLists	16	static
../platform/os/src/timers.c:927:17:prvCheckForValidListAndQueue	8	static
../platform/os/src/timers.c:978:16:xTimerIsTimerActive	24	static
../platform/os/src/timers.c:1003:12:pvTimerGetTimerID	24	static
../platform/os/src/timers.c:1020:10:vTimerSetTimerID	24	static
../platform/os/src/timers.c:1096:21:uxTimerGetTimerNumber	16	static
../platform/os/src/timers.c:1106:14:vTimerSetTimerNumber	16	static
