../Core/Src/main.c:93:5:main	80	static
../Core/Src/main.c:207:6:SystemClock_Config	96	static
../Core/Src/main.c:258:13:MX_I2C1_Init	8	static
../Core/Src/main.c:306:13:MX_RTC_Init	8	static
../Core/Src/main.c:342:13:MX_SPI1_Init	8	static
../Core/Src/main.c:382:13:MX_SPI2_Init	8	static
../Core/Src/main.c:422:13:MX_TIM5_Init	40	static
../Core/Src/main.c:467:13:MX_TIM8_Init	96	static
../Core/Src/main.c:536:13:MX_USART2_UART_Init	8	static
../Core/Src/main.c:571:13:MX_USART3_UART_Init	8	static
../Core/Src/main.c:606:13:MX_GPIO_Init	48	static
../Core/Src/main.c:653:6:Error_Handler	4	static,ignoring_inline_asm
