C:/Users/Jan/gitlab/embedded/sd-jan-2/platform/bsp/inc/portpin.h:46:14:Platform::BSP::Pin::Pin(Platform::BSP::Pin::BitMask)	16	static
C:/Users/Jan/gitlab/embedded/sd-jan-2/platform/bsp/inc/portpin.h:89:8:Platform::BSP::Port::Port(Platform::BSP::Port::Select)	16	static
c:\st\stm32cubeide_1.12.0\stm32cubeide\plugins\com.st.stm32cube.ide.mcu.externaltools.gnu-tools-for-stm32.10.3-2021.10.win32_1.0.200.202301161003\tools\arm-none-eabi\include\c++\10.3.1\bits\stl_pair.h:361:21:constexpr std::pair<_T1, _T2>::pair(_U1&&, _U2&&) [with _U1 = Platform::BSP::Port::Select; _U2 = Platform::BSP::Pin::BitMask; typename std::enable_if<(std::_PCC<true, _T1, _T2>::_MoveConstructiblePair<_U1, _U2>() && (! std::_PCC<true, _T1, _T2>::_ImplicitlyMoveConvertiblePair<_U1, _U2>())), bool>::type <anonymous> = false; _T1 = Platform::BSP::Port; _T2 = Platform::BSP::Pin]	32	static
c:\st\stm32cubeide_1.12.0\stm32cubeide\plugins\com.st.stm32cube.ide.mcu.externaltools.gnu-tools-for-stm32.10.3-2021.10.win32_1.0.200.202301161003\tools\arm-none-eabi\include\c++\10.3.1\new:174:33:void* operator new(std::size_t, void*)	16	static
../src/Application.cpp:37:6:void cs_sel()	8	static
../src/Application.cpp:41:6:void cs_desel()	8	static
../src/Application.cpp:45:9:uint8_t spi_rb()	16	static
../src/Application.cpp:51:6:void spi_wb(uint8_t)	16	static
../src/Application.cpp:57:1:Application::Application()	24	static
../src/Application.cpp:93:10:uint32_t HAL_GetTick()	8	static
../src/Application.cpp:102:17:void startApplication()	16	static
c:\st\stm32cubeide_1.12.0\stm32cubeide\plugins\com.st.stm32cube.ide.mcu.externaltools.gnu-tools-for-stm32.10.3-2021.10.win32_1.0.200.202301161003\tools\arm-none-eabi\include\c++\10.3.1\bits\move.h:76:5:constexpr _Tp&& std::forward(typename std::remove_reference<_Tp>::type&) [with _Tp = Platform::BSP::Port::Select]	16	static
c:\st\stm32cubeide_1.12.0\stm32cubeide\plugins\com.st.stm32cube.ide.mcu.externaltools.gnu-tools-for-stm32.10.3-2021.10.win32_1.0.200.202301161003\tools\arm-none-eabi\include\c++\10.3.1\bits\move.h:76:5:constexpr _Tp&& std::forward(typename std::remove_reference<_Tp>::type&) [with _Tp = Platform::BSP::Pin::BitMask]	16	static
../src/Application.cpp:110:1:void __static_initialization_and_destruction_0(int, int)	216	static
../src/Application.cpp:110:1:cpp)	8	static
