C:/Users/Jan/gitlab/embedded/sd-jan-2/platform/osSupport/inc/TaskBase.h:61:16:void* RTOS::Task::getTaskHandle() const	16	static
C:/Users/Jan/gitlab/embedded/sd-jan-2/platform/osSupport/inc/PeriodicTaskBase.h:86:16:virtual void RTOS::PeriodicTaskBase::MyTimer::m_timer()	16	static
C:/Users/Jan/gitlab/embedded/sd-jan-2/platform/bsp/inc/portpin.h:46:14:Platform::BSP::Pin::Pin(Platform::BSP::Pin::BitMask)	16	static
C:/Users/Jan/gitlab/embedded/sd-jan-2/platform/bsp/inc/portpin.h:89:8:Platform::BSP::Port::Port(Platform::BSP::Port::Select)	16	static
c:\st\stm32cubeide_1.12.0\stm32cubeide\plugins\com.st.stm32cube.ide.mcu.externaltools.gnu-tools-for-stm32.10.3-2021.10.win32_1.0.200.202301161003\tools\arm-none-eabi\include\c++\10.3.1\bits\stl_pair.h:361:21:constexpr std::pair<_T1, _T2>::pair(_U1&&, _U2&&) [with _U1 = Platform::BSP::Port::Select; _U2 = Platform::BSP::Pin::BitMask; typename std::enable_if<(std::_PCC<true, _T1, _T2>::_MoveConstructiblePair<_U1, _U2>() && (! std::_PCC<true, _T1, _T2>::_ImplicitlyMoveConvertiblePair<_U1, _U2>())), bool>::type <anonymous> = false; _T1 = Platform::BSP::Port; _T2 = Platform::BSP::Pin]	32	static
C:/Users/Jan/gitlab/embedded/sd-jan-2/platform/bsp/inc/digitalinout.h:27:11:Platform::BSP::DigitalBase::DigitalBase(const PortPin&)	16	static
C:/Users/Jan/gitlab/embedded/sd-jan-2/platform/bsp/inc/digitalinout.h:61:11:Platform::BSP::DigitalIn::DigitalIn(const PortPin&)	16	static
C:/Users/Jan/gitlab/embedded/sd-jan-2/platform/osSupport/inc/PeriodicTaskBase.h:31:7:RTOS::PeriodicTaskBase::~PeriodicTaskBase()	16	static
C:/Users/Jan/gitlab/embedded/sd-jan-2/platform/osSupport/inc/PeriodicTaskBase.h:31:7:virtual RTOS::PeriodicTaskBase::~PeriodicTaskBase()	16	static
../src/SensorTask.cpp:15:1:SensorTask::SensorTask(const char*, uint16_t, osPriority, bool, osMessageQId)	32	static
../src/SensorTask.cpp:21:6:virtual void SensorTask::m_task()	48	static
c:\st\stm32cubeide_1.12.0\stm32cubeide\plugins\com.st.stm32cube.ide.mcu.externaltools.gnu-tools-for-stm32.10.3-2021.10.win32_1.0.200.202301161003\tools\arm-none-eabi\include\c++\10.3.1\bits\move.h:76:5:constexpr _Tp&& std::forward(typename std::remove_reference<_Tp>::type&) [with _Tp = Platform::BSP::Port::Select]	16	static
c:\st\stm32cubeide_1.12.0\stm32cubeide\plugins\com.st.stm32cube.ide.mcu.externaltools.gnu-tools-for-stm32.10.3-2021.10.win32_1.0.200.202301161003\tools\arm-none-eabi\include\c++\10.3.1\bits\move.h:76:5:constexpr _Tp&& std::forward(typename std::remove_reference<_Tp>::type&) [with _Tp = Platform::BSP::Pin::BitMask]	16	static
C:/Users/Jan/gitlab/embedded/sd-jan-2/inc/SensorTask.h:7:7:SensorTask::~SensorTask()	16	static
C:/Users/Jan/gitlab/embedded/sd-jan-2/inc/SensorTask.h:7:7:virtual SensorTask::~SensorTask()	16	static
C:/Users/Jan/gitlab/embedded/sd-jan-2/platform/osSupport/inc/PeriodicTaskBase.h:78:11:RTOS::PeriodicTaskBase::MyTimer::~MyTimer()	16	static
C:/Users/Jan/gitlab/embedded/sd-jan-2/platform/osSupport/inc/PeriodicTaskBase.h:78:11:virtual RTOS::PeriodicTaskBase::MyTimer::~MyTimer()	16	static
../src/SensorTask.cpp:59:1:void __static_initialization_and_destruction_0(int, int)	216	static
../src/SensorTask.cpp:59:1:cpp)	8	static
