../platform/bsp/src/OneWire.cpp:15:6:void OWInit(OWire*, GPIO_TypeDef*, uint16_t)	64	static
../platform/bsp/src/OneWire.cpp:135:6:void OWInput(OWire*)	16	static
../platform/bsp/src/OneWire.cpp:141:6:void OWOutput(OWire*)	16	static
../platform/bsp/src/OneWire.cpp:149:9:uint8_t OWReadPin(OWire*)	16	static
../platform/bsp/src/OneWire.cpp:154:6:void OWWriteHigh(OWire*)	16	static
../platform/bsp/src/OneWire.cpp:159:6:void OWWriteLow(OWire*)	16	static
../platform/bsp/src/OneWire.cpp:164:13:void OWNoInterrupts()	4	static,ignoring_inline_asm
../platform/bsp/src/OneWire.cpp:169:13:void OWInterrupts()	4	static,ignoring_inline_asm
../platform/bsp/src/OneWire.cpp:174:9:uint8_t OWReset(OWire*)	24	static
../platform/bsp/src/OneWire.cpp:204:6:void OWWrite_bit(OWire*, uint8_t)	16	static
../platform/bsp/src/OneWire.cpp:228:9:uint8_t OWRead_bit(OWire*)	24	static
../platform/bsp/src/OneWire.cpp:244:6:void OWWrite(OWire*, uint8_t)	24	static
../platform/bsp/src/OneWire.cpp:259:6:void OWWrite_bytes(OWire*, const uint8_t*, uint16_t)	32	static
../platform/bsp/src/OneWire.cpp:272:9:uint8_t OWRead(OWire*)	24	static
../platform/bsp/src/OneWire.cpp:285:6:void OWRead_bytes(OWire*, uint8_t*, uint16_t)	40	static
../platform/bsp/src/OneWire.cpp:292:6:void OWSelect(OWire*, uint8_t*)	24	static
../platform/bsp/src/OneWire.cpp:302:6:void OWSkip(OWire*)	16	static
../platform/bsp/src/OneWire.cpp:307:6:void OWDepower(OWire*)	16	static
../platform/bsp/src/OneWire.cpp:316:6:void OWReset_search(OWire*)	24	static
../platform/bsp/src/OneWire.cpp:331:9:uint8_t OWSearch(OWire*, uint8_t*)	32	static
../platform/bsp/src/OneWire.cpp:486:9:uint8_t OWCrc8(uint8_t*, uint8_t)	24	static
../platform/bsp/src/OneWire.cpp:519:9:uint8_t OWCheck_crc16(uint8_t*, uint16_t, uint8_t*)	32	static
../platform/bsp/src/OneWire.cpp:525:10:uint16_t OWCrc16(uint8_t*, uint16_t)	24	static
